[14.044046402] 2019-11-20 22:35:07,394 - INFO - launcher: Starting sanity checks
[14.403104782] 2019-11-20 22:35:07,394 - INFO - launcher: Checking for python 3.5+
[14.634370804] 2019-11-20 22:35:07,394 - INFO - launcher: Checking console encoding
[14.851808548] 2019-11-20 22:35:07,395 - INFO - launcher: Ensuring we're in the right folder
[15.366077423] 2019-11-20 22:35:07,395 - INFO - launcher: Checks passed.
[15.590429306] 2019-11-20 22:35:07,395 - INFO - launcher: Moving old musicbot log

######################### PRE-RUN SANITY CHECKS PASSED #########################

[0.7280797958374023] 2019-11-20 22:35:08,108 - INFO - musicbot.config | In config.py::MainThread(140107502409536), line 135 in run_checks: Using i18n: config/i18n/en.json
[0.7302827835083008] 2019-11-20 22:35:08,110 - DEBUG - musicbot.json | In json.py::MainThread(140107502409536), line 8 in __init__: Init JSON obj with config/i18n/en.json
[0.7306959629058838] 2019-11-20 22:35:08,110 - DEBUG - musicbot.bot | In bot.py::MainThread(140107502409536), line 571 in _setup_logging: Set logging level to DEBUG
[0.8448541164398193] 2019-11-20 22:35:08,225 - INFO - musicbot.bot | In bot.py::MainThread(140107502409536), line 100 in __init__: Starting MusicBot 1.9.6-review
[0.8801352977752686] 2019-11-20 22:35:08,260 - INFO - musicbot.sqlfactory | In sqlfactory.py::MainThread(140107502409536), line 53 in _execute: Using adhoc execute, logging for auditing purposes
[0.9094202518463135] 2019-11-20 22:35:08,289 - INFO - musicbot.sqlfactory | In sqlfactory.py::MainThread(140107502409536), line 54 in _execute: Query: SELECT * FROM SONG WHERE 1 = %s, Params: ['1']
[0.9811890125274658] 2019-11-20 22:35:08,361 - DEBUG - musicbot.sqlfactory | In sqlfactory.py::MainThread(140107502409536), line 60 in _execute: [SQL] [EXECUTE] SELECT * FROM SONG WHERE 1 = %s
[0.9817383289337158] 2019-11-20 22:35:08,361 - DEBUG - musicbot.sqlfactory | In sqlfactory.py::MainThread(140107502409536), line 61 in _execute: [VALUES] [EXECUTE] ['1']
[1.0390298366546631] 2019-11-20 22:35:08,419 - INFO - musicbot.sqlfactory | In sqlfactory.py::MainThread(140107502409536), line 53 in _execute: Using adhoc execute, logging for auditing purposes
[1.0396051406860352] 2019-11-20 22:35:08,419 - INFO - musicbot.sqlfactory | In sqlfactory.py::MainThread(140107502409536), line 54 in _execute: Query: SELECT * FROM USER WHERE 1 = %s, Params: ['1']
[1.0635721683502197] 2019-11-20 22:35:08,443 - DEBUG - musicbot.sqlfactory | In sqlfactory.py::MainThread(140107502409536), line 60 in _execute: [SQL] [EXECUTE] SELECT * FROM USER WHERE 1 = %s
[1.0641233921051025] 2019-11-20 22:35:08,444 - DEBUG - musicbot.sqlfactory | In sqlfactory.py::MainThread(140107502409536), line 61 in _execute: [VALUES] [EXECUTE] ['1']
[1.0659680366516113] 2019-11-20 22:35:08,446 - WARNING - musicbot.bot | In bot.py::MainThread(140107502409536), line 104 in __init__: songs: 4483
[1.0670890808105469] 2019-11-20 22:35:08,447 - INFO - musicbot.bot | In bot.py::MainThread(140107502409536), line 119 in __init__: [__INIT__] Loaded autoplaylist with 4483 entries
[1.068792820] launcher-INFO: Connecting
[3.2737190723419189] 2019-11-20 22:35:10,653 - DEBUG - musicbot.bot | In bot.py::MainThread(140107502409536), line 1471 in on_ready: Connection established, ready to go.
[3.2741162776947021] 2019-11-20 22:35:10,654 - DEBUG - musicbot.bot | In bot.py::MainThread(140107502409536), line 710 in _cache_app_info: Caching app info
[3.3343825340270996] 2019-11-20 22:35:10,714 - DEBUG - musicbot.bot | In bot.py::MainThread(140107502409536), line 1297 in _scheck_ensure_env: Ensuring data folders exist
[3.3352065086364746] 2019-11-20 22:35:10,715 - DEBUG - musicbot.bot | In bot.py::MainThread(140107502409536), line 1313 in _scheck_server_permissions: Checking server permissions
[3.3355796337127686] 2019-11-20 22:35:10,715 - DEBUG - musicbot.bot | In bot.py::MainThread(140107502409536), line 1317 in _scheck_autoplaylist: Auditing autoplaylist
[3.3359925746917725] 2019-11-20 22:35:10,716 - DEBUG - musicbot.bot | In bot.py::MainThread(140107502409536), line 1321 in _scheck_configs: Validating config
[3.3363857269287109] 2019-11-20 22:35:10,716 - DEBUG - musicbot.config | In config.py::MainThread(140107502409536), line 239 in async_validate: Validating options...
[3.3671290874481201] 2019-11-20 22:35:10,747 - DEBUG - musicbot.config | In config.py::MainThread(140107502409536), line 253 in async_validate: Acquired owner id via API
[3.3676133155822754] 2019-11-20 22:35:10,747 - DEBUG - musicbot.bot | In bot.py::MainThread(140107502409536), line 1324 in _scheck_configs: Validating permissions config
[3.3679420948028564] 2019-11-20 22:35:10,748 - DEBUG - musicbot.permissions | In permissions.py::MainThread(140107502409536), line 94 in async_validate: Validating permissions...
[3.3978636264801025] 2019-11-20 22:35:10,778 - DEBUG - musicbot.permissions | In permissions.py::MainThread(140107502409536), line 98 in async_validate: Fixing automatic owner group
[3.3983297348022461] 2019-11-20 22:35:10,778 - INFO - musicbot.bot | In bot.py::MainThread(140107502409536), line 1488 in on_ready: Connected: 254089547447533569/Elegiggle#3010
[3.3986883163452148] 2019-11-20 22:35:10,778 - INFO - musicbot.bot | In bot.py::MainThread(140107502409536), line 1496 in on_ready: Owner: 181268300301336576/Jadedtdt#2063

[3.3991217613220215] 2019-11-20 22:35:10,779 - INFO - musicbot.bot | In bot.py::MainThread(140107502409536), line 1499 in on_ready: Guild List:
[3.3994922637939453] 2019-11-20 22:35:10,779 - INFO - musicbot.bot | In bot.py::MainThread(140107502409536), line 1503 in on_ready:  - Catch The Rainbow!
[3.4000365734100342] 2019-11-20 22:35:10,780 - INFO - musicbot.bot | In bot.py::MainThread(140107502409536), line 1546 in on_ready: Bound to text channels:
[3.4003696441650391] 2019-11-20 22:35:10,780 - INFO - musicbot.bot | In bot.py::MainThread(140107502409536), line 1547 in <listcomp>:  - Catch The Rainbow!/bot_commands
[3.4008238315582275] 2019-11-20 22:35:10,780 - INFO - musicbot.bot | In bot.py::MainThread(140107502409536), line 1585 in on_ready: Not autojoining any voice channels
[3.4012949466705322] 2019-11-20 22:35:10,781 - INFO - musicbot.bot | In bot.py::MainThread(140107502409536), line 620 in _join_startup_channels: Found owner in "Propreantepenultimate"
[3.4016082286834717] 2019-11-20 22:35:10,781 - INFO - musicbot.bot | In bot.py::MainThread(140107502409536), line 636 in _join_startup_channels: Attempting to join Catch The Rainbow!/Propreantepenultimate
[3.4915988445281982] 2019-11-20 22:35:10,871 - INFO - musicbot.bot | In bot.py::MainThread(140107502409536), line 652 in _join_startup_channels: Joined Catch The Rainbow!/Propreantepenultimate
[3.4920842647552490] 2019-11-20 22:35:10,872 - DEBUG - musicbot.bot | In bot.py::MainThread(140107502409536), line 889 in on_player_finished_playing: Running on_player_finished_playing
[3.4926052093505859] 2019-11-20 22:35:10,872 - DEBUG - musicbot.bot | In bot.py::MainThread(140107502409536), line 915 in on_player_finished_playing: People: [<Member id=85618365707587584 name='EPICish' discriminator='3906' bot=False nick='Gaming in 2019 = WoW Classicâ„¢' guild=<Guild id=138532599181213696 name='Catch The Rainbow!' shard_id=None chunked=True member_count=74>>, <Member id=127159254611263489 name='Fish..' discriminator='9103' bot=False nick='pareidolia' guild=<Guild id=138532599181213696 name='Catch The Rainbow!' shard_id=None chunked=True member_count=74>>, <Member id=127966571300651008 name='Toaxt' discriminator='6793' bot=False nick='Boy' guild=<Guild id=138532599181213696 name='Catch The Rainbow!' shard_id=None chunked=True member_count=74>>, <Member id=181268300301336576 name='Jadedtdt' discriminator='2063' bot=False nick='boomer' guild=<Guild id=138532599181213696 name='Catch The Rainbow!' shard_id=None chunked=True member_count=74>>]
[3.4931836128234863] 2019-11-20 22:35:10,873 - DEBUG - musicbot.bot | In bot.py::MainThread(140107502409536), line 944 in on_player_finished_playing: EPICish#3906
[3.5177080631256104] 2019-11-20 22:35:10,897 - DEBUG - musicbot.sqlfactory | In sqlfactory.py::MainThread(140107502409536), line 440 in user_read: [SQL] [USER] SELECT * FROM USER WHERE ID = %s
[3.5181248188018799] 2019-11-20 22:35:10,898 - DEBUG - musicbot.sqlfactory | In sqlfactory.py::MainThread(140107502409536), line 442 in user_read: [VALUES] [USER] ('85618365707587584',)
[3.5195996761322021] 2019-11-20 22:35:10,899 - INFO - musicbot.sqlfactory | In sqlfactory.py::MainThread(140107502409536), line 53 in _execute: Using adhoc execute, logging for auditing purposes
[3.5199613571166992] 2019-11-20 22:35:10,900 - INFO - musicbot.sqlfactory | In sqlfactory.py::MainThread(140107502409536), line 54 in _execute: Query: SELECT SONG.* FROM SONG INNER JOIN USER_SONG ON USER_SONG.URL = SONG.URL WHERE USER_SONG.ID = %s, Params: ['85618365707587584']
[3.5437135696411133] 2019-11-20 22:35:10,923 - DEBUG - musicbot.sqlfactory | In sqlfactory.py::MainThread(140107502409536), line 60 in _execute: [SQL] [EXECUTE] SELECT SONG.* FROM SONG INNER JOIN USER_SONG ON USER_SONG.URL = SONG.URL WHERE USER_SONG.ID = %s
[3.5442149639129639] 2019-11-20 22:35:10,924 - DEBUG - musicbot.sqlfactory | In sqlfactory.py::MainThread(140107502409536), line 61 in _execute: [VALUES] [EXECUTE] ['85618365707587584']
[3.5550997257232666] 2019-11-20 22:35:10,935 - DEBUG - musicbot.bot | In bot.py::MainThread(140107502409536), line 963 in on_player_finished_playing: EPICish#3906
[3.5555865764617920] 2019-11-20 22:35:10,935 - DEBUG - musicbot.bot | In bot.py::MainThread(140107502409536), line 994 in on_player_finished_playing: Hot Limit - John Desire
[3.5559980869293213] 2019-11-20 22:35:10,936 - DEBUG - musicbot.bot | In bot.py::MainThread(140107502409536), line 998 in on_player_finished_playing: Song played too recently
[3.5563445091247559] 2019-11-20 22:35:10,936 - DEBUG - musicbot.bot | In bot.py::MainThread(140107502409536), line 999 in on_player_finished_playing: Last Played: 2019-11-14 04:52:11
[3.5567257404327393] 2019-11-20 22:35:10,936 - DEBUG - musicbot.bot | In bot.py::MainThread(140107502409536), line 1000 in on_player_finished_playing: 10 days ago: 2019-11-10 22:35:10
[3.5572035312652588] 2019-11-20 22:35:10,937 - DEBUG - musicbot.bot | In bot.py::MainThread(140107502409536), line 915 in on_player_finished_playing: People: [<Member id=85618365707587584 name='EPICish' discriminator='3906' bot=False nick='Gaming in 2019 = WoW Classicâ„¢' guild=<Guild id=138532599181213696 name='Catch The Rainbow!' shard_id=None chunked=True member_count=74>>, <Member id=127159254611263489 name='Fish..' discriminator='9103' bot=False nick='pareidolia' guild=<Guild id=138532599181213696 name='Catch The Rainbow!' shard_id=None chunked=True member_count=74>>, <Member id=127966571300651008 name='Toaxt' discriminator='6793' bot=False nick='Boy' guild=<Guild id=138532599181213696 name='Catch The Rainbow!' shard_id=None chunked=True member_count=74>>, <Member id=181268300301336576 name='Jadedtdt' discriminator='2063' bot=False nick='boomer' guild=<Guild id=138532599181213696 name='Catch The Rainbow!' shard_id=None chunked=True member_count=74>>]
[3.5577919483184814] 2019-11-20 22:35:10,937 - DEBUG - musicbot.bot | In bot.py::MainThread(140107502409536), line 944 in on_player_finished_playing: Fish..#9103
[3.5814890861511230] 2019-11-20 22:35:10,961 - DEBUG - musicbot.sqlfactory | In sqlfactory.py::MainThread(140107502409536), line 440 in user_read: [SQL] [USER] SELECT * FROM USER WHERE ID = %s
[3.5820271968841553] 2019-11-20 22:35:10,962 - DEBUG - musicbot.sqlfactory | In sqlfactory.py::MainThread(140107502409536), line 442 in user_read: [VALUES] [USER] ('127159254611263489',)
[3.5835731029510498] 2019-11-20 22:35:10,963 - INFO - musicbot.sqlfactory | In sqlfactory.py::MainThread(140107502409536), line 53 in _execute: Using adhoc execute, logging for auditing purposes
[3.5839457511901855] 2019-11-20 22:35:10,964 - INFO - musicbot.sqlfactory | In sqlfactory.py::MainThread(140107502409536), line 54 in _execute: Query: SELECT SONG.* FROM SONG INNER JOIN USER_SONG ON USER_SONG.URL = SONG.URL WHERE USER_SONG.ID = %s, Params: ['127159254611263489']
[3.6077527999877930] 2019-11-20 22:35:10,987 - DEBUG - musicbot.sqlfactory | In sqlfactory.py::MainThread(140107502409536), line 60 in _execute: [SQL] [EXECUTE] SELECT SONG.* FROM SONG INNER JOIN USER_SONG ON USER_SONG.URL = SONG.URL WHERE USER_SONG.ID = %s
[3.6083011627197266] 2019-11-20 22:35:10,988 - DEBUG - musicbot.sqlfactory | In sqlfactory.py::MainThread(140107502409536), line 61 in _execute: [VALUES] [EXECUTE] ['127159254611263489']
[3.6135811805725098] 2019-11-20 22:35:10,993 - DEBUG - musicbot.bot | In bot.py::MainThread(140107502409536), line 963 in on_player_finished_playing: Fish..#9103
[3.6139914989471436] 2019-11-20 22:35:10,994 - DEBUG - musicbot.bot | In bot.py::MainThread(140107502409536), line 994 in on_player_finished_playing: Boku Dake ga Inai Machi OP / Opening :Re
[3.6143972873687744] 2019-11-20 22:35:10,994 - DEBUG - musicbot.bot | In bot.py::MainThread(140107502409536), line 998 in on_player_finished_playing: Song played too recently
[3.6147654056549072] 2019-11-20 22:35:10,994 - DEBUG - musicbot.bot | In bot.py::MainThread(140107502409536), line 999 in on_player_finished_playing: Last Played: 2019-11-11 00:43:02
[3.6151525974273682] 2019-11-20 22:35:10,995 - DEBUG - musicbot.bot | In bot.py::MainThread(140107502409536), line 1000 in on_player_finished_playing: 10 days ago: 2019-11-10 22:35:10
[3.6156177520751953] 2019-11-20 22:35:10,995 - DEBUG - musicbot.bot | In bot.py::MainThread(140107502409536), line 915 in on_player_finished_playing: People: [<Member id=85618365707587584 name='EPICish' discriminator='3906' bot=False nick='Gaming in 2019 = WoW Classicâ„¢' guild=<Guild id=138532599181213696 name='Catch The Rainbow!' shard_id=None chunked=True member_count=74>>, <Member id=127159254611263489 name='Fish..' discriminator='9103' bot=False nick='pareidolia' guild=<Guild id=138532599181213696 name='Catch The Rainbow!' shard_id=None chunked=True member_count=74>>, <Member id=127966571300651008 name='Toaxt' discriminator='6793' bot=False nick='Boy' guild=<Guild id=138532599181213696 name='Catch The Rainbow!' shard_id=None chunked=True member_count=74>>, <Member id=181268300301336576 name='Jadedtdt' discriminator='2063' bot=False nick='boomer' guild=<Guild id=138532599181213696 name='Catch The Rainbow!' shard_id=None chunked=True member_count=74>>]
[3.6161618232727051] 2019-11-20 22:35:10,996 - DEBUG - musicbot.bot | In bot.py::MainThread(140107502409536), line 944 in on_player_finished_playing: EPICish#3906
[3.6398644447326660] 2019-11-20 22:35:11,020 - DEBUG - musicbot.sqlfactory | In sqlfactory.py::MainThread(140107502409536), line 440 in user_read: [SQL] [USER] SELECT * FROM USER WHERE ID = %s
[3.6403949260711670] 2019-11-20 22:35:11,020 - DEBUG - musicbot.sqlfactory | In sqlfactory.py::MainThread(140107502409536), line 442 in user_read: [VALUES] [USER] ('85618365707587584',)
[3.6419301033020020] 2019-11-20 22:35:11,022 - INFO - musicbot.sqlfactory | In sqlfactory.py::MainThread(140107502409536), line 53 in _execute: Using adhoc execute, logging for auditing purposes
[3.6422936916351318] 2019-11-20 22:35:11,022 - INFO - musicbot.sqlfactory | In sqlfactory.py::MainThread(140107502409536), line 54 in _execute: Query: SELECT SONG.* FROM SONG INNER JOIN USER_SONG ON USER_SONG.URL = SONG.URL WHERE USER_SONG.ID = %s, Params: ['85618365707587584']
[3.6663162708282471] 2019-11-20 22:35:11,046 - DEBUG - musicbot.sqlfactory | In sqlfactory.py::MainThread(140107502409536), line 60 in _execute: [SQL] [EXECUTE] SELECT SONG.* FROM SONG INNER JOIN USER_SONG ON USER_SONG.URL = SONG.URL WHERE USER_SONG.ID = %s
[3.6668124198913574] 2019-11-20 22:35:11,046 - DEBUG - musicbot.sqlfactory | In sqlfactory.py::MainThread(140107502409536), line 61 in _execute: [VALUES] [EXECUTE] ['85618365707587584']
[3.6774466037750244] 2019-11-20 22:35:11,057 - DEBUG - musicbot.bot | In bot.py::MainThread(140107502409536), line 963 in on_player_finished_playing: EPICish#3906
[3.6779232025146484] 2019-11-20 22:35:11,058 - DEBUG - musicbot.bot | In bot.py::MainThread(140107502409536), line 994 in on_player_finished_playing: Matzo Man By Toy Vey Toys
[3.6840479373931885] 2019-11-20 22:35:11,064 - DEBUG - musicbot.bot | In bot.py::MainThread(140107502409536), line 885 in on_player_stop: Running on_player_stop
[4.3216590881347656] 2019-11-20 22:35:11,701 - DEBUG - musicbot.bot | In bot.py::MainThread(140107502409536), line 1039 in on_player_finished_playing: Error Element: [0;31mERROR:[0m d-Uf6tCtEEc: YouTube said: Unable to extract video data
[4.3221373558044434] 2019-11-20 22:35:11,702 - ERROR - musicbot.bot | In bot.py::MainThread(140107502409536), line 1043 in on_player_finished_playing: Error processing youtube url:
[0;31mERROR:[0m d-Uf6tCtEEc: YouTube said: Unable to extract video data
[4.3226814270019531] 2019-11-20 22:35:11,702 - ERROR - musicbot.bot | In bot.py::MainThread(140107502409536), line 1063 in on_player_finished_playing: YT DL ERROR - Downloading song Matzo Man By Toy Vey Toys resulted in unknown exception [0;31mERROR:[0m d-Uf6tCtEEc: YouTube said: Unable to extract video data
[5.3723826408386230] 2019-11-20 22:35:12,752 - DEBUG - musicbot.bot | In bot.py::MainThread(140107502409536), line 1096 in on_player_finished_playing: Nothing playing
[5.3729774951934814] 2019-11-20 22:35:12,753 - INFO - musicbot.bot | In bot.py::MainThread(140107502409536), line 1101 in on_player_finished_playing: Stored song volume: 0.65
[5.3968825340270996] 2019-11-20 22:35:12,777 - DEBUG - musicbot.sqlfactory | In sqlfactory.py::MainThread(140107502409536), line 356 in _song_read: [SQL] [SONG] SELECT * FROM SONG WHERE URL = %s
[5.3974356651306152] 2019-11-20 22:35:12,777 - DEBUG - musicbot.sqlfactory | In sqlfactory.py::MainThread(140107502409536), line 358 in _song_read: [VALUES] [SONG] ('https://www.youtube.com/watch?v=d-Uf6tCtEEc',)
[5.3987810611724854] 2019-11-20 22:35:12,778 - DEBUG - musicbot.sqlfactory | In sqlfactory.py::MainThread(140107502409536), line 360 in _song_read: [ROWS_AFFECTED] 1
[5.4225010871887207] 2019-11-20 22:35:12,802 - DEBUG - musicbot.sqlfactory | In sqlfactory.py::MainThread(140107502409536), line 440 in user_read: [SQL] [USER] SELECT * FROM USER WHERE ID = %s
[5.4230463504791260] 2019-11-20 22:35:12,803 - DEBUG - musicbot.sqlfactory | In sqlfactory.py::MainThread(140107502409536), line 442 in user_read: [VALUES] [USER] ('85618365707587584',)
[5.4474029541015625] 2019-11-20 22:35:12,827 - DEBUG - musicbot.sqlfactory | In sqlfactory.py::MainThread(140107502409536), line 522 in user_song_read: [SQL] [USER_SONG] SELECT * FROM USER_SONG WHERE ID = %s AND URL = %s
[5.4479446411132812] 2019-11-20 22:35:12,828 - DEBUG - musicbot.sqlfactory | In sqlfactory.py::MainThread(140107502409536), line 524 in user_song_read: [VALUES] [USER_SONG] ('85618365707587584', 'https://www.youtube.com/watch?v=d-Uf6tCtEEc')
[5.4493379592895508] 2019-11-20 22:35:12,829 - DEBUG - musicbot.sqlfactory | In sqlfactory.py::MainThread(140107502409536), line 526 in user_song_read: [ROWS_AFFECTED] 1
[5.4869086742401123] 2019-11-20 22:35:12,867 - DEBUG - musicbot.sqlfactory | In sqlfactory.py::MainThread(140107502409536), line 543 in user_song_update: [SQL] [USER_SONG] UPDATE USER_SONG SET ID = %s, URL = %s, PLAY_COUNT = %s, LAST_PLAYED_DT_TM = %s WHERE ID = %s AND URL = %s
[5.4875030517578125] 2019-11-20 22:35:12,867 - DEBUG - musicbot.sqlfactory | In sqlfactory.py::MainThread(140107502409536), line 545 in user_song_update: [VALUES] [USER_SONG] (85618365707587584, 'https://www.youtube.com/watch?v=d-Uf6tCtEEc', 13, '2019-11-20 22:35:12', 85618365707587584, 'https://www.youtube.com/watch?v=d-Uf6tCtEEc')
[5.5144059658050537] 2019-11-20 22:35:12,894 - DEBUG - musicbot.sqlfactory | In sqlfactory.py::MainThread(140107502409536), line 440 in user_read: [SQL] [USER] SELECT * FROM USER WHERE ID = %s
[5.5149102210998535] 2019-11-20 22:35:12,895 - DEBUG - musicbot.sqlfactory | In sqlfactory.py::MainThread(140107502409536), line 442 in user_read: [VALUES] [USER] ('127159254611263489',)
[5.5394020080566406] 2019-11-20 22:35:12,919 - DEBUG - musicbot.sqlfactory | In sqlfactory.py::MainThread(140107502409536), line 522 in user_song_read: [SQL] [USER_SONG] SELECT * FROM USER_SONG WHERE ID = %s AND URL = %s
[5.5399434566497803] 2019-11-20 22:35:12,920 - DEBUG - musicbot.sqlfactory | In sqlfactory.py::MainThread(140107502409536), line 524 in user_song_read: [VALUES] [USER_SONG] ('127159254611263489', 'https://www.youtube.com/watch?v=d-Uf6tCtEEc')
[5.5412764549255371] 2019-11-20 22:35:12,921 - DEBUG - musicbot.sqlfactory | In sqlfactory.py::MainThread(140107502409536), line 526 in user_song_read: [ROWS_AFFECTED] 0
[5.5417795181274414] 2019-11-20 22:35:12,921 - WARNING - musicbot.bot | In bot.py::MainThread(140107502409536), line 2352 in _add_entry: [_ADD_ENTRY] User Fish.. doesn't like this song Matzo Man By Toy Vey Toys
[5.5421593189239502] 2019-11-20 22:35:12,922 - WARNING - musicbot.bot | In bot.py::MainThread(140107502409536), line 2353 in _add_entry: [_ADD_ENTRY] Results None
[5.5659177303314209] 2019-11-20 22:35:12,946 - DEBUG - musicbot.sqlfactory | In sqlfactory.py::MainThread(140107502409536), line 440 in user_read: [SQL] [USER] SELECT * FROM USER WHERE ID = %s
[5.5664553642272949] 2019-11-20 22:35:12,946 - DEBUG - musicbot.sqlfactory | In sqlfactory.py::MainThread(140107502409536), line 442 in user_read: [VALUES] [USER] ('127966571300651008',)
[5.5915200710296631] 2019-11-20 22:35:12,971 - DEBUG - musicbot.sqlfactory | In sqlfactory.py::MainThread(140107502409536), line 522 in user_song_read: [SQL] [USER_SONG] SELECT * FROM USER_SONG WHERE ID = %s AND URL = %s
[5.5919537544250488] 2019-11-20 22:35:12,972 - DEBUG - musicbot.sqlfactory | In sqlfactory.py::MainThread(140107502409536), line 524 in user_song_read: [VALUES] [USER_SONG] ('127966571300651008', 'https://www.youtube.com/watch?v=d-Uf6tCtEEc')
[5.5954844951629639] 2019-11-20 22:35:12,975 - DEBUG - musicbot.sqlfactory | In sqlfactory.py::MainThread(140107502409536), line 526 in user_song_read: [ROWS_AFFECTED] 0
[5.5959982872009277] 2019-11-20 22:35:12,976 - WARNING - musicbot.bot | In bot.py::MainThread(140107502409536), line 2352 in _add_entry: [_ADD_ENTRY] User Toaxt doesn't like this song Matzo Man By Toy Vey Toys
[5.5963656902313232] 2019-11-20 22:35:12,976 - WARNING - musicbot.bot | In bot.py::MainThread(140107502409536), line 2353 in _add_entry: [_ADD_ENTRY] Results None
[5.6202507019042969] 2019-11-20 22:35:13,000 - DEBUG - musicbot.sqlfactory | In sqlfactory.py::MainThread(140107502409536), line 440 in user_read: [SQL] [USER] SELECT * FROM USER WHERE ID = %s
[5.6207904815673828] 2019-11-20 22:35:13,000 - DEBUG - musicbot.sqlfactory | In sqlfactory.py::MainThread(140107502409536), line 442 in user_read: [VALUES] [USER] ('181268300301336576',)
[5.6475787162780762] 2019-11-20 22:35:13,027 - DEBUG - musicbot.sqlfactory | In sqlfactory.py::MainThread(140107502409536), line 522 in user_song_read: [SQL] [USER_SONG] SELECT * FROM USER_SONG WHERE ID = %s AND URL = %s
[5.6481239795684814] 2019-11-20 22:35:13,028 - DEBUG - musicbot.sqlfactory | In sqlfactory.py::MainThread(140107502409536), line 524 in user_song_read: [VALUES] [USER_SONG] ('181268300301336576', 'https://www.youtube.com/watch?v=d-Uf6tCtEEc')
[5.6495244503021240] 2019-11-20 22:35:13,029 - DEBUG - musicbot.sqlfactory | In sqlfactory.py::MainThread(140107502409536), line 526 in user_song_read: [ROWS_AFFECTED] 1
[5.6734104156494141] 2019-11-20 22:35:13,053 - DEBUG - musicbot.sqlfactory | In sqlfactory.py::MainThread(140107502409536), line 543 in user_song_update: [SQL] [USER_SONG] UPDATE USER_SONG SET ID = %s, URL = %s, PLAY_COUNT = %s, LAST_PLAYED_DT_TM = %s WHERE ID = %s AND URL = %s
[5.6739542484283447] 2019-11-20 22:35:13,054 - DEBUG - musicbot.sqlfactory | In sqlfactory.py::MainThread(140107502409536), line 545 in user_song_update: [VALUES] [USER_SONG] (181268300301336576, 'https://www.youtube.com/watch?v=d-Uf6tCtEEc', 12, '2019-11-20 22:35:13', 181268300301336576, 'https://www.youtube.com/watch?v=d-Uf6tCtEEc')
[5.7050366401672363] 2019-11-20 22:35:13,085 - DEBUG - musicbot.sqlfactory | In sqlfactory.py::MainThread(140107502409536), line 377 in song_update: [SQL] [SONG] UPDATE SONG SET URL = %s, TITLE = %s, PLAY_COUNT = %s, VOLUME = %s, UPDT_DT_TM = %s, CRET_DT_TM = %s WHERE URL = %s
[5.7055861949920654] 2019-11-20 22:35:13,085 - DEBUG - musicbot.sqlfactory | In sqlfactory.py::MainThread(140107502409536), line 379 in song_update: [VALUES] [SONG] ('https://www.youtube.com/watch?v=d-Uf6tCtEEc', 'Matzo Man By Toy Vey Toys', 15, 0.65, '2019-11-20 22:35:13', '2019-05-22 22:59:05', 'https://www.youtube.com/watch?v=d-Uf6tCtEEc')
[5.7070186138153076] 2019-11-20 22:35:13,087 - DEBUG - musicbot.sqlfactory | In sqlfactory.py::MainThread(140107502409536), line 381 in song_update: [ROWS_AFFECTED] 1
[5.8675460815429688] 2019-11-20 22:35:13,247 - ERROR - musicbot.bot | In bot.py::MainThread(140107502409536), line 1110 in on_player_finished_playing: Error adding song from autoplaylist: Could not extract information from https://www.youtube.com/watch?v=d-Uf6tCtEEc


[5.8682293891906738] 2019-11-20 22:35:13,248 - DEBUG - musicbot.bot | In bot.py::MainThread(140107502409536), line 1111 in on_player_finished_playing: 
Traceback (most recent call last):
  File "/home/ubuntu/dev/MusicBot/musicbot/bot.py", line 1421, in run
    self.loop.run_until_complete(self.start(*self.config.auth))
  File "/usr/lib/python3.6/asyncio/base_events.py", line 471, in run_until_complete
    self.run_forever()
  File "/usr/lib/python3.6/asyncio/base_events.py", line 438, in run_forever
    self._run_once()
  File "/usr/lib/python3.6/asyncio/base_events.py", line 1415, in _run_once
    event_list = self._selector.select(timeout)
  File "/usr/lib/python3.6/selectors.py", line 445, in select
    fd_event_list = self._epoll.poll(timeout, max_ev)
KeyboardInterrupt

During handling of the above exception, another exception occurred:

Traceback (most recent call last):
  File "/home/ubuntu/dev/MusicBot/musicbot/playlist.py", line 67, in add_entry
    info = await self.downloader.extract_info(self.loop, song_url, download=False)
  File "/home/ubuntu/dev/MusicBot/musicbot/downloader.py", line 85, in extract_info
    return await loop.run_in_executor(self.thread_pool, functools.partial(self.unsafe_ytdl.extract_info, *args, **kwargs))
concurrent.futures._base.CancelledError

During handling of the above exception, another exception occurred:

Traceback (most recent call last):
  File "/home/ubuntu/dev/MusicBot/musicbot/bot.py", line 1107, in on_player_finished_playing
    await self._add_entry(player=player, song_url=song.url, channel=None, author=author)
  File "/home/ubuntu/dev/MusicBot/musicbot/bot.py", line 2359, in _add_entry
    return await player.playlist.add_entry(song_url=global_song.url if global_song else song_url, channel=meta.get('channel', None), author=meta.get('author', None), last_played=last_played)
  File "/home/ubuntu/dev/MusicBot/musicbot/playlist.py", line 69, in add_entry
    raise ExtractionError('Could not extract information from {}\n\n{}'.format(song_url, e))
musicbot.exceptions.ExtractionError: Could not extract information from https://www.youtube.com/watch?v=d-Uf6tCtEEc


[5.8728682994842529] 2019-11-20 22:35:13,253 - ERROR - musicbot.bot | In bot.py::MainThread(140107502409536), line 1124 in on_player_finished_playing: Could not extract information from https://www.youtube.com/watch?v=d-Uf6tCtEEc


[6.8376615047454834] 2019-11-20 22:35:14,217 - DEBUG - musicbot.bot | In bot.py::MainThread(140107502409536), line 915 in on_player_finished_playing: People: [<Member id=85618365707587584 name='EPICish' discriminator='3906' bot=False nick='Gaming in 2019 = WoW Classicâ„¢' guild=<Guild id=138532599181213696 name='Catch The Rainbow!' shard_id=None chunked=True member_count=74>>, <Member id=127159254611263489 name='Fish..' discriminator='9103' bot=False nick='pareidolia' guild=<Guild id=138532599181213696 name='Catch The Rainbow!' shard_id=None chunked=True member_count=74>>, <Member id=127966571300651008 name='Toaxt' discriminator='6793' bot=False nick='Boy' guild=<Guild id=138532599181213696 name='Catch The Rainbow!' shard_id=None chunked=True member_count=74>>, <Member id=181268300301336576 name='Jadedtdt' discriminator='2063' bot=False nick='boomer' guild=<Guild id=138532599181213696 name='Catch The Rainbow!' shard_id=None chunked=True member_count=74>>]
[6.8384282588958740] 2019-11-20 22:35:14,218 - DEBUG - musicbot.bot | In bot.py::MainThread(140107502409536), line 944 in on_player_finished_playing: Fish..#9103
[6.8790721893310547] 2019-11-20 22:35:14,259 - DEBUG - musicbot.sqlfactory | In sqlfactory.py::MainThread(140107502409536), line 440 in user_read: [SQL] [USER] SELECT * FROM USER WHERE ID = %s
[6.8797223567962646] 2019-11-20 22:35:14,259 - DEBUG - musicbot.sqlfactory | In sqlfactory.py::MainThread(140107502409536), line 442 in user_read: [VALUES] [USER] ('127159254611263489',)
[6.8812358379364014] 2019-11-20 22:35:14,261 - INFO - musicbot.sqlfactory | In sqlfactory.py::MainThread(140107502409536), line 53 in _execute: Using adhoc execute, logging for auditing purposes
[6.8816378116607666] 2019-11-20 22:35:14,261 - INFO - musicbot.sqlfactory | In sqlfactory.py::MainThread(140107502409536), line 54 in _execute: Query: SELECT SONG.* FROM SONG INNER JOIN USER_SONG ON USER_SONG.URL = SONG.URL WHERE USER_SONG.ID = %s, Params: ['127159254611263489']
[6.9051239490509033] 2019-11-20 22:35:14,285 - DEBUG - musicbot.sqlfactory | In sqlfactory.py::MainThread(140107502409536), line 60 in _execute: [SQL] [EXECUTE] SELECT SONG.* FROM SONG INNER JOIN USER_SONG ON USER_SONG.URL = SONG.URL WHERE USER_SONG.ID = %s
[6.9057161808013916] 2019-11-20 22:35:14,285 - DEBUG - musicbot.sqlfactory | In sqlfactory.py::MainThread(140107502409536), line 61 in _execute: [VALUES] [EXECUTE] ['127159254611263489']
[6.9111797809600830] 2019-11-20 22:35:14,291 - DEBUG - musicbot.bot | In bot.py::MainThread(140107502409536), line 963 in on_player_finished_playing: Fish..#9103
[6.9116172790527344] 2019-11-20 22:35:14,291 - DEBUG - musicbot.bot | In bot.py::MainThread(140107502409536), line 994 in on_player_finished_playing: Selena Gomez - Back to You (Lyrics)
[6.9120209217071533] 2019-11-20 22:35:14,292 - DEBUG - musicbot.bot | In bot.py::MainThread(140107502409536), line 998 in on_player_finished_playing: Song played too recently
[6.9123876094818115] 2019-11-20 22:35:14,292 - DEBUG - musicbot.bot | In bot.py::MainThread(140107502409536), line 999 in on_player_finished_playing: Last Played: 2019-11-16 00:43:29
[6.9127671718597412] 2019-11-20 22:35:14,292 - DEBUG - musicbot.bot | In bot.py::MainThread(140107502409536), line 1000 in on_player_finished_playing: 10 days ago: 2019-11-10 22:35:14
[6.9132091999053955] 2019-11-20 22:35:14,293 - DEBUG - musicbot.bot | In bot.py::MainThread(140107502409536), line 915 in on_player_finished_playing: People: [<Member id=85618365707587584 name='EPICish' discriminator='3906' bot=False nick='Gaming in 2019 = WoW Classicâ„¢' guild=<Guild id=138532599181213696 name='Catch The Rainbow!' shard_id=None chunked=True member_count=74>>, <Member id=127159254611263489 name='Fish..' discriminator='9103' bot=False nick='pareidolia' guild=<Guild id=138532599181213696 name='Catch The Rainbow!' shard_id=None chunked=True member_count=74>>, <Member id=127966571300651008 name='Toaxt' discriminator='6793' bot=False nick='Boy' guild=<Guild id=138532599181213696 name='Catch The Rainbow!' shard_id=None chunked=True member_count=74>>, <Member id=181268300301336576 name='Jadedtdt' discriminator='2063' bot=False nick='boomer' guild=<Guild id=138532599181213696 name='Catch The Rainbow!' shard_id=None chunked=True member_count=74>>]
[6.9136929512023926] 2019-11-20 22:35:14,293 - DEBUG - musicbot.bot | In bot.py::MainThread(140107502409536), line 944 in on_player_finished_playing: Toaxt#6793
[6.9371926784515381] 2019-11-20 22:35:14,317 - DEBUG - musicbot.sqlfactory | In sqlfactory.py::MainThread(140107502409536), line 440 in user_read: [SQL] [USER] SELECT * FROM USER WHERE ID = %s
[6.9377281665802002] 2019-11-20 22:35:14,317 - DEBUG - musicbot.sqlfactory | In sqlfactory.py::MainThread(140107502409536), line 442 in user_read: [VALUES] [USER] ('127966571300651008',)
[6.9391701221466064] 2019-11-20 22:35:14,319 - INFO - musicbot.sqlfactory | In sqlfactory.py::MainThread(140107502409536), line 53 in _execute: Using adhoc execute, logging for auditing purposes
[6.9395678043365479] 2019-11-20 22:35:14,319 - INFO - musicbot.sqlfactory | In sqlfactory.py::MainThread(140107502409536), line 54 in _execute: Query: SELECT SONG.* FROM SONG INNER JOIN USER_SONG ON USER_SONG.URL = SONG.URL WHERE USER_SONG.ID = %s, Params: ['127966571300651008']
[6.9629118442535400] 2019-11-20 22:35:14,343 - DEBUG - musicbot.sqlfactory | In sqlfactory.py::MainThread(140107502409536), line 60 in _execute: [SQL] [EXECUTE] SELECT SONG.* FROM SONG INNER JOIN USER_SONG ON USER_SONG.URL = SONG.URL WHERE USER_SONG.ID = %s
[6.9634618759155273] 2019-11-20 22:35:14,343 - DEBUG - musicbot.sqlfactory | In sqlfactory.py::MainThread(140107502409536), line 61 in _execute: [VALUES] [EXECUTE] ['127966571300651008']
[6.9688942432403564] 2019-11-20 22:35:14,349 - DEBUG - musicbot.bot | In bot.py::MainThread(140107502409536), line 963 in on_player_finished_playing: Toaxt#6793
[6.9692945480346680] 2019-11-20 22:35:14,349 - DEBUG - musicbot.bot | In bot.py::MainThread(140107502409536), line 994 in on_player_finished_playing: Kill la Kill Opening 2 Full ~ â€¢ Ambiguous â€¢ ~
